------------------------------------------------------------
Timing Analyzer Summary
------------------------------------------------------------

Type  : Slow 1100mV 85C Model Setup 'clk'
Slack : -0.120
TNS   : -0.572

Type  : Slow 1100mV 85C Model Hold 'clk'
Slack : 0.234
TNS   : 0.000

Type  : Slow 1100mV 85C Model Minimum Pulse Width 'clk'
Slack : -0.394
TNS   : -4.442

Type  : Slow 1100mV 0C Model Setup 'clk'
Slack : -0.136
TNS   : -0.529

Type  : Slow 1100mV 0C Model Hold 'clk'
Slack : 0.216
TNS   : 0.000

Type  : Slow 1100mV 0C Model Minimum Pulse Width 'clk'
Slack : -0.394
TNS   : -4.278

Type  : Fast 1100mV 85C Model Setup 'clk'
Slack : 0.291
TNS   : 0.000

Type  : Fast 1100mV 85C Model Hold 'clk'
Slack : 0.137
TNS   : 0.000

Type  : Fast 1100mV 85C Model Minimum Pulse Width 'clk'
Slack : -0.285
TNS   : -2.357

Type  : Fast 1100mV 0C Model Setup 'clk'
Slack : 0.343
TNS   : 0.000

Type  : Fast 1100mV 0C Model Hold 'clk'
Slack : 0.124
TNS   : 0.000

Type  : Fast 1100mV 0C Model Minimum Pulse Width 'clk'
Slack : -0.276
TNS   : -2.294

------------------------------------------------------------
